
// ==========================================================================
//  GPPG error listing for yacc source file <SimpleYacc.y>
// ==========================================================================
//  Version:  1.3.6
//  Machine:  MacBook-Pro-xittz
//  DateTime: 07.03.2020 14:18:18
//  UserName: xittz
// ==========================================================================


%{
// ï¿½ï¿½ï¿½ ï¿½ï¿½ï¿½ï¿½ï¿½ï¿½ï¿½ï¿½ï¿½ï¿½ ï¿½ï¿½ï¿½ï¿½ï¿½ï¿½ï¿½ï¿½ï¿½ï¿½ï¿½ ï¿½ ï¿½ï¿½ï¿½ï¿½ï¿½ GPPGParser, ï¿½ï¿½ï¿½ï¿½ï¿½ï¿½ï¿½ï¿½ï¿½ï¿½ï¿½ï¿½ï¿½ï¿½ ï¿½ï¿½ï¿½ï¿½ï¿½ ï¿½ï¿½ï¿½ï¿½ï¿½ï¿½, ï¿½ï¿½ï¿½ï¿½ï¿½ï¿½ï¿½ï¿½ï¿½ï¿½ï¿½ï¿½ ï¿½ï¿½ï¿½ï¿½ï¿½ï¿½ï¿½ï¿½ gppg
    public Parser(AbstractScanner<int, LexLocation> scanner) : base(scanner) { }
%}

%output = SimpleYacc.cs

%namespace SimpleParser

%token BEGIN END INUM RNUM ID ASSIGN SEMICOLON COMMA FOR
OR AND EQUAL NEQUAL GREATER LESS LPAREN RPAREN WHILE BOOL
IF ELSE
PLUS MINUS MULT DIV MOD
VAR PRINT INPUT GOTO

%%
// Error: There are 2 non-terminating NonTerminal Symbols
   //  {goto, label}
// Warning: Terminating goto fixes the following size-1 NonTerminal set
   // {goto}
// Warning: Terminating label fixes the following size-1 NonTerminal set
   // {label}
// Error: NonTerminal symbol "goto" has no productions
// Warning: NonTerminal symbol "label" is unreachable
// Error: NonTerminal symbol "label" has no productions
// ---------------------------------------------------------------------

progr   : block
		;

block	: BEGIN stlist END
		;

stlist	: statement 
		| stlist SEMICOLON statement 
		;

statement 	: assign
			| block  
			| for	
			| while
			| if
			| var
			| print
			| input
			| goto
			;

ident 	: ID 
		;
	
assign 	: ident ASSIGN expr 
		| ident ASSIGN exprb
		;

label	: INUM

goto	: GOTO label
//^^
// Error: Syntax error, unexpected anchoredSymbol
// ----------------------------------------------

for 	: FOR ident ASSIGN INUM COMMA INUM statement
		;

while 	: WHILE exprb statement
		;

expr	: ident  
		| INUM
		| LPAREN expr RPAREN
		| expr DIV expr
		| expr MOD expr
		| expr MULT expr
		| expr MINUS expr
		| expr PLUS expr
		;

exprb   : BOOL
		| exprb OR exprb
	    | exprb AND exprb
		| LPAREN exprb RPAREN
		| INUM LESS INUM
	    | INUM GREATER INUM
	    | INUM EQUAL INUM
	    | INUM NEQUAL INUM
		;

print    : PRINT LPAREN exprlist RPAREN
		 ;

input    : INPUT LPAREN ident RPAREN
		 ;

exprlist : expr
		 | exprlist COMMA expr
		 ;

if 		: IF exprb block ELSE block
		| IF exprb block
		;

varlist	: ident
		| varlist COMMA ident
		;

var		: VAR varlist
		;

%%
// ==========================================================================

